=== Fuzz masivo WispHub API ===
Estrategia: payloads vacios + IDs garbage. NO MODIFICA DATOS REALES.

IDs de muestra: {"clientes":972,"facturas":20217,"plan-internet":200795,"zonas":1109,"router":1109,"formas-de-pago":2405,"modelo-antena":1,"staff":57124} 

### COLECCIONES (lista raiz) — POST con body vacio ###
POST /clientes/  [405] {"detail":"Método \"POST\" no permitido."}
POST /facturas/  [400] {"tipo_factura":["Este campo es requerido."],"fecha_vencimiento":["Este campo es requerido."],"articulos":["Este campo es requerido."],"fecha_emision":["Este campo es requerido."],"cliente":["Este campo es requerido."],"fecha_pago":["Este campo es re
POST /plan-internet/  [405] {"detail":"Método \"POST\" no permitido."}
POST /zonas/  [405] {"detail":"Método \"POST\" no permitido."}
POST /router/  [405] {"detail":"Método \"POST\" no permitido."}
POST /formas-de-pago/  [405] {"detail":"Método \"POST\" no permitido."}
POST /modelo-antena/  [405] {"detail":"Método \"POST\" no permitido."}
POST /staff/  [405] {"detail":"Método \"POST\" no permitido."}
POST /gastos/  [400] {"total":["Este campo es requerido."],"fecha_gasto":["Este campo es requerido."],"forma_pago":["Este campo es requerido."]}
POST /tickets/  [400] ["Falta el id de un cliente para agregar un ticket"]
POST /sectorial/  [405] {"detail":"Método \"POST\" no permitido."}

### DETALLES (ID garbage 999999999) — PATCH/PUT/DELETE para ver Allow + validacion ###
PATCH  /clientes/999999999/           [404] {"detail":"No encontrado."}
PUT    /clientes/999999999/           [404] {"detail":"No encontrado."}
DELETE /clientes/999999999/           [404] {"detail":"No encontrado."}
PATCH  /facturas/999999999/           [405] {"detail":"Método \"PATCH\" no permitido."}
PUT    /facturas/999999999/           [404] {"detail":"No encontrado."}
DELETE /facturas/999999999/           [404] {"detail":"No encontrado."}
PATCH  /plan-internet/999999999/      [404] 
<!DOCTYPE html>
<html>

<head>
    <!-- Google Tag Manager -->
    <script>(function(w,d,s,l,i){w[l]=w[l]||[];w[l].push({'gtm.start':
        new Date().getTime(),event:'gtm.js'});var f=d.getElementsByTagName(s)[0],
        j=d.createElement(s),dl=l
PUT    /plan-internet/999999999/      [404] 
<!DOCTYPE html>
<html>

<head>
    <!-- Google Tag Manager -->
    <script>(function(w,d,s,l,i){w[l]=w[l]||[];w[l].push({'gtm.start':
        new Date().getTime(),event:'gtm.js'});var f=d.getElementsByTagName(s)[0],
        j=d.createElement(s),dl=l
DELETE /plan-internet/999999999/      [404] 
<!DOCTYPE html>
<html>

<head>
    <!-- Google Tag Manager -->
    <script>(function(w,d,s,l,i){w[l]=w[l]||[];w[l].push({'gtm.start':
        new Date().getTime(),event:'gtm.js'});var f=d.getElementsByTagName(s)[0],
        j=d.createElement(s),dl=l
PATCH  /zonas/999999999/              [404] 
<!DOCTYPE html>
<html>

<head>
    <!-- Google Tag Manager -->
    <script>(function(w,d,s,l,i){w[l]=w[l]||[];w[l].push({'gtm.start':
        new Date().getTime(),event:'gtm.js'});var f=d.getElementsByTagName(s)[0],
        j=d.createElement(s),dl=l
PUT    /zonas/999999999/              [404] 
<!DOCTYPE html>
<html>

<head>
    <!-- Google Tag Manager -->
    <script>(function(w,d,s,l,i){w[l]=w[l]||[];w[l].push({'gtm.start':
        new Date().getTime(),event:'gtm.js'});var f=d.getElementsByTagName(s)[0],
        j=d.createElement(s),dl=l
DELETE /zonas/999999999/              [404] 
<!DOCTYPE html>
<html>

<head>
    <!-- Google Tag Manager -->
    <script>(function(w,d,s,l,i){w[l]=w[l]||[];w[l].push({'gtm.start':
        new Date().getTime(),event:'gtm.js'});var f=d.getElementsByTagName(s)[0],
        j=d.createElement(s),dl=l
PATCH  /router/999999999/             [404] 
<!DOCTYPE html>
<html>

<head>
    <!-- Google Tag Manager -->
    <script>(function(w,d,s,l,i){w[l]=w[l]||[];w[l].push({'gtm.start':
        new Date().getTime(),event:'gtm.js'});var f=d.getElementsByTagName(s)[0],
        j=d.createElement(s),dl=l
PUT    /router/999999999/             [404] 
<!DOCTYPE html>
<html>

<head>
    <!-- Google Tag Manager -->
    <script>(function(w,d,s,l,i){w[l]=w[l]||[];w[l].push({'gtm.start':
        new Date().getTime(),event:'gtm.js'});var f=d.getElementsByTagName(s)[0],
        j=d.createElement(s),dl=l
DELETE /router/999999999/             [404] 
<!DOCTYPE html>
<html>

<head>
    <!-- Google Tag Manager -->
    <script>(function(w,d,s,l,i){w[l]=w[l]||[];w[l].push({'gtm.start':
        new Date().getTime(),event:'gtm.js'});var f=d.getElementsByTagName(s)[0],
        j=d.createElement(s),dl=l
PATCH  /formas-de-pago/999999999/     [404] 
<!DOCTYPE html>
<html>

<head>
    <!-- Google Tag Manager -->
    <script>(function(w,d,s,l,i){w[l]=w[l]||[];w[l].push({'gtm.start':
        new Date().getTime(),event:'gtm.js'});var f=d.getElementsByTagName(s)[0],
        j=d.createElement(s),dl=l
PUT    /formas-de-pago/999999999/     [404] 
<!DOCTYPE html>
<html>

<head>
    <!-- Google Tag Manager -->
    <script>(function(w,d,s,l,i){w[l]=w[l]||[];w[l].push({'gtm.start':
        new Date().getTime(),event:'gtm.js'});var f=d.getElementsByTagName(s)[0],
        j=d.createElement(s),dl=l
DELETE /formas-de-pago/999999999/     [404] 
<!DOCTYPE html>
<html>

<head>
    <!-- Google Tag Manager -->
    <script>(function(w,d,s,l,i){w[l]=w[l]||[];w[l].push({'gtm.start':
        new Date().getTime(),event:'gtm.js'});var f=d.getElementsByTagName(s)[0],
        j=d.createElement(s),dl=l
PATCH  /modelo-antena/999999999/      [404] 
<!DOCTYPE html>
<html>

<head>
    <!-- Google Tag Manager -->
    <script>(function(w,d,s,l,i){w[l]=w[l]||[];w[l].push({'gtm.start':
        new Date().getTime(),event:'gtm.js'});var f=d.getElementsByTagName(s)[0],
        j=d.createElement(s),dl=l
PUT    /modelo-antena/999999999/      [404] 
<!DOCTYPE html>
<html>

<head>
    <!-- Google Tag Manager -->
    <script>(function(w,d,s,l,i){w[l]=w[l]||[];w[l].push({'gtm.start':
        new Date().getTime(),event:'gtm.js'});var f=d.getElementsByTagName(s)[0],
        j=d.createElement(s),dl=l
DELETE /modelo-antena/999999999/      [404] 
<!DOCTYPE html>
<html>

<head>
    <!-- Google Tag Manager -->
    <script>(function(w,d,s,l,i){w[l]=w[l]||[];w[l].push({'gtm.start':
        new Date().getTime(),event:'gtm.js'});var f=d.getElementsByTagName(s)[0],
        j=d.createElement(s),dl=l
PATCH  /staff/999999999/              [404] 
<!DOCTYPE html>
<html>

<head>
    <!-- Google Tag Manager -->
    <script>(function(w,d,s,l,i){w[l]=w[l]||[];w[l].push({'gtm.start':
        new Date().getTime(),event:'gtm.js'});var f=d.getElementsByTagName(s)[0],
        j=d.createElement(s),dl=l
PUT    /staff/999999999/              [404] 
<!DOCTYPE html>
<html>

<head>
    <!-- Google Tag Manager -->
    <script>(function(w,d,s,l,i){w[l]=w[l]||[];w[l].push({'gtm.start':
        new Date().getTime(),event:'gtm.js'});var f=d.getElementsByTagName(s)[0],
        j=d.createElement(s),dl=l
DELETE /staff/999999999/              [404] 
<!DOCTYPE html>
<html>

<head>
    <!-- Google Tag Manager -->
    <script>(function(w,d,s,l,i){w[l]=w[l]||[];w[l].push({'gtm.start':
        new Date().getTime(),event:'gtm.js'});var f=d.getElementsByTagName(s)[0],
        j=d.createElement(s),dl=l
PATCH  /gastos/999999999/             [405] {"detail":"Método \"PATCH\" no permitido."}
PUT    /gastos/999999999/             [405] {"detail":"Método \"PUT\" no permitido."}
DELETE /gastos/999999999/             [405] {"detail":"Método \"DELETE\" no permitido."}
PATCH  /tickets/999999999/            [404] {"detail":"No encontrado."}
PUT    /tickets/999999999/            [404] {"detail":"No encontrado."}
DELETE /tickets/999999999/            [405] {"detail":"Método \"DELETE\" no permitido."}
PATCH  /sectorial/999999999/          [404] 
<!DOCTYPE html>
<html>

<head>
    <!-- Google Tag Manager -->
    <script>(function(w,d,s,l,i){w[l]=w[l]||[];w[l].push({'gtm.start':
        new Date().getTime(),event:'gtm.js'});var f=d.getElementsByTagName(s)[0],
        j=d.createElement(s),dl=l
PUT    /sectorial/999999999/          [404] 
<!DOCTYPE html>
<html>

<head>
    <!-- Google Tag Manager -->
    <script>(function(w,d,s,l,i){w[l]=w[l]||[];w[l].push({'gtm.start':
        new Date().getTime(),event:'gtm.js'});var f=d.getElementsByTagName(s)[0],
        j=d.createElement(s),dl=l
DELETE /sectorial/999999999/          [404] 
<!DOCTYPE html>
<html>

<head>
    <!-- Google Tag Manager -->
    <script>(function(w,d,s,l,i){w[l]=w[l]||[];w[l].push({'gtm.start':
        new Date().getTime(),event:'gtm.js'});var f=d.getElementsByTagName(s)[0],
        j=d.createElement(s),dl=l

### DETALLES (ID REAL) — PATCH con body vacio (no cambia nada, valida acceso) ###
PATCH /clientes/972/  [200] {"id_servicio":972,"usuario_rb":"Braylina.duran","ip":"192.168.16.137","coordenadas":"","estado":"Activo","usuario_cpe":"","password_cpe":"","protocolo_conexion_cpe":"","mac_cpe":"","interfaz_lan":"LAN13","ip_router_wifi":null,"modelo_router_wifi":""
PATCH /facturas/20217/  [405] {"detail":"Método \"PATCH\" no permitido."}
PATCH /plan-internet/200795/  [404] 
<!DOCTYPE html>
<html>

<head>
    <!-- Google Tag Manager -->
    <script>(function(w,d,s,l,i){w[l]=w[l]||[];w[l].push({'gtm.start':
        new Date().getTime(),event:'gtm.js'});var f=d.getElementsByTagName(s)[0],
        j=d.createElement(s),dl=l
PATCH /zonas/1109/  [404] 
<!DOCTYPE html>
<html>

<head>
    <!-- Google Tag Manager -->
    <script>(function(w,d,s,l,i){w[l]=w[l]||[];w[l].push({'gtm.start':
        new Date().getTime(),event:'gtm.js'});var f=d.getElementsByTagName(s)[0],
        j=d.createElement(s),dl=l
PATCH /router/1109/  [404] 
<!DOCTYPE html>
<html>

<head>
    <!-- Google Tag Manager -->
    <script>(function(w,d,s,l,i){w[l]=w[l]||[];w[l].push({'gtm.start':
        new Date().getTime(),event:'gtm.js'});var f=d.getElementsByTagName(s)[0],
        j=d.createElement(s),dl=l
PATCH /formas-de-pago/2405/  [404] 
<!DOCTYPE html>
<html>

<head>
    <!-- Google Tag Manager -->
    <script>(function(w,d,s,l,i){w[l]=w[l]||[];w[l].push({'gtm.start':
        new Date().getTime(),event:'gtm.js'});var f=d.getElementsByTagName(s)[0],
        j=d.createElement(s),dl=l
PATCH /modelo-antena/1/  [404] 
<!DOCTYPE html>
<html>

<head>
    <!-- Google Tag Manager -->
    <script>(function(w,d,s,l,i){w[l]=w[l]||[];w[l].push({'gtm.start':
        new Date().getTime(),event:'gtm.js'});var f=d.getElementsByTagName(s)[0],
        j=d.createElement(s),dl=l
PATCH /staff/57124/  [404] 
<!DOCTYPE html>
<html>

<head>
    <!-- Google Tag Manager -->
    <script>(function(w,d,s,l,i){w[l]=w[l]||[];w[l].push({'gtm.start':
        new Date().getTime(),event:'gtm.js'});var f=d.getElementsByTagName(s)[0],
        j=d.createElement(s),dl=l

### ENDPOINTS CUSTOM — POST con body vacio (esperamos 400 con campos requeridos) ###
POST /clientes/activar/                            [400] {"servicios":["Este campo es requerido."]}
POST /clientes/desactivar/                         [400] {"servicios":["Este campo es requerido."]}
POST /clientes/eliminar-clientes/                  [400] {"clientes":["Este campo es requerido."]}
POST /clientes/972/ping/                           [202] {"task_id":"b37742ef-9ee0-4bf3-b6ac-dce75ddb66ef"}
POST /clientes/agregar-cliente/1109/               [400] {"ip":["Este campo es requerido."],"usuario_rb":["Este campo es requerido."],"plan_internet":["Este campo es requerido."]}
POST /facturas/20217/registrar-pago/               [400] {"forma_pago":["Este campo es requerido."],"accion":["Este campo es requerido."],"fecha_pago":["Este campo es requerido."]}

### SCHEMA (OPTIONS body) por recurso ###
OPTIONS /clientes/  (no actions schema)
OPTIONS /facturas/ — POST: id_factura:integer, folio:integer, fecha_emision!:date, fecha_vencimiento!:date, fecha_pago!:datetime, estado(ro):field, tipo:field, zona(ro):nested object, sub_total:float, descuento:float, saldo:float, saldo_nuevo:float, impuestos_total:float, total_cobrado:float, total:float, comprobante_pago(ro):file upload, referencia:string, referencia_oxxo:string, total_oxxo:float, id_mercadopago:string, id_payu:string, url_payu:string, total_pasarela:float, total_openpay:float, retencion_porcentaje:float, retenciones_total:float, forma_pago:nested object, cajero(ro):nested object, cliente(ro):nested object, articulos(ro):field
OPTIONS /plan-internet/  (no actions schema)
OPTIONS /zonas/  (no actions schema)
OPTIONS /router/  (no actions schema)
OPTIONS /formas-de-pago/  (no actions schema)
OPTIONS /modelo-antena/  (no actions schema)
OPTIONS /staff/  (no actions schema)
OPTIONS /gastos/ — POST: fecha_gasto!:date, descripcion:string, referencia:string, sub_total:decimal, impuestos:decimal, total!:decimal, total_retencion:decimal, retencion_porcentaje:decimal, tipo:choice, comprobante_gasto_archivo:file upload, comprobante_gasto:string, proveedor:field, factura_fiscal_gastos:file upload, retenciones_total:decimal, forma_pago:field, zona:field, categoria:field, folio(ro):integer
OPTIONS /tickets/ — POST: id_ticket:integer, asunto!:string, razon_falla!:string, fecha_inicio!:datetime, fecha_fin(ro):field, fecha_estimada_inicio!:datetime, fecha_estimada_fin!:datetime, fecha_creacion(ro):datetime, creado_por(ro):field, finalizado_por(ro):field, estado!:string, prioridad!:string, tecnico(ro):field, email_tecnico:string, departamento!:string, origen_reporte!:string, descripcion!:string, servicio!:nested object, tickets_mensual:integer, tickets_anual:integer, vencimiento:choice
OPTIONS /sectorial/  (no actions schema)

### OTROS RECURSOS POSIBLES (probar GET) ###
✓ GET /proveedores/  [200] {"count":0,"next":null,"previous":null,"results":[]}
